
+incdir+$WORKAREA/design_repo/rtl/scu/rtl/register/rtl/include/
+incdir+$WORKAREA/design_repo/rtl/scu/rtl/rgu/rtl/include/
+incdir+/nfs/home/release/internal_ip/wdt/v0.8.0/rtl/include/
//TOP
$WORKAREA/design_repo/rtl/scu/rtl/top/sv/scu_top.sv

//CGU
$WORKAREA/design_repo/rtl/scu/rtl/cgu/rtl/sv/cgu_top.sv
$WORKAREA/design_repo/rtl/scu/rtl/cgu/rtl/sv/clk_even_div.sv

//TIMER COUNTER
$WORKAREA/design_repo/rtl/scu/rtl/top/sv/scu_uts_counter.sv

//MAIN RGU
$WORKAREA/design_repo/rtl/scu/rtl/rgu/rtl/sv/rgu_top.sv
$WORKAREA/design_repo/rtl/scu/rtl/rgu/rtl/sv/main_boot_fsm.sv
$WORKAREA/design_repo/rtl/scu/rtl/rgu/rtl/sv/reset_common.sv

//MMCM
+incdir+$WORKAREA/design_repo/rtl/mmcm/
$WORKAREA/design_repo/rtl/mmcm/mmcm_clk_wiz.v
$WORKAREA/design_repo/rtl/mmcm/mmcm.v
$WORKAREA/env_repo/resources/simlib/data/verilog/src/glbl.v

+incdir+/nfs/projects/transcend/libraries/simlib/include/
+incdir+/nfs/projects/transcend/libraries/simlib/data/verilog/src/unisims/

$WORKAREA/env_repo/resources/simlib/data/verilog/src/unisims/AND2B1L.v
$WORKAREA/env_repo/resources/simlib/data/verilog/src/unisims/AUTOBUF.v
$WORKAREA/env_repo/resources/simlib/data/verilog/src/unisims/BIBUF.v
$WORKAREA/env_repo/resources/simlib/data/verilog/src/unisims/BITSLICE_CONTROL.v
$WORKAREA/env_repo/resources/simlib/data/verilog/src/unisims/BSCANE2.v
$WORKAREA/env_repo/resources/simlib/data/verilog/src/unisims/BUFCE_LEAF.v
$WORKAREA/env_repo/resources/simlib/data/verilog/src/unisims/BUFCE_ROW.v
$WORKAREA/env_repo/resources/simlib/data/verilog/src/unisims/BUFGCE_DIV.v
$WORKAREA/env_repo/resources/simlib/data/verilog/src/unisims/BUFGCE.v
$WORKAREA/env_repo/resources/simlib/data/verilog/src/unisims/BUFGCTRL.v
$WORKAREA/env_repo/resources/simlib/data/verilog/src/unisims/BUFG_GT_SYNC.v
$WORKAREA/env_repo/resources/simlib/data/verilog/src/unisims/BUFG_GT.v
$WORKAREA/env_repo/resources/simlib/data/verilog/src/unisims/BUFG_PS.v
$WORKAREA/env_repo/resources/simlib/data/verilog/src/unisims/BUFGP.v
$WORKAREA/env_repo/resources/simlib/data/verilog/src/unisims/BUFG.v
$WORKAREA/env_repo/resources/simlib/data/verilog/src/unisims/BUFHCE.v
$WORKAREA/env_repo/resources/simlib/data/verilog/src/unisims/BUFH.v
$WORKAREA/env_repo/resources/simlib/data/verilog/src/unisims/BUFIO.v
$WORKAREA/env_repo/resources/simlib/data/verilog/src/unisims/BUFMRCE.v
$WORKAREA/env_repo/resources/simlib/data/verilog/src/unisims/BUFMR.v
$WORKAREA/env_repo/resources/simlib/data/verilog/src/unisims/BUFR.v
$WORKAREA/env_repo/resources/simlib/data/verilog/src/unisims/BUF.v
$WORKAREA/env_repo/resources/simlib/data/verilog/src/unisims/CAPTUREE2.v
$WORKAREA/env_repo/resources/simlib/data/verilog/src/unisims/CARRY4.v
$WORKAREA/env_repo/resources/simlib/data/verilog/src/unisims/CARRY8.v
$WORKAREA/env_repo/resources/simlib/data/verilog/src/unisims/CFGLUT5.v
$WORKAREA/env_repo/resources/simlib/data/verilog/src/unisims/CMACE4.v
$WORKAREA/env_repo/resources/simlib/data/verilog/src/unisims/CMAC.v
$WORKAREA/env_repo/resources/simlib/data/verilog/src/unisims/DCIRESET.v
$WORKAREA/env_repo/resources/simlib/data/verilog/src/unisims/DCM_ADV.v
$WORKAREA/env_repo/resources/simlib/data/verilog/src/unisims/DCM_SP.v
$WORKAREA/env_repo/resources/simlib/data/verilog/src/unisims/DIFFINBUF.v
$WORKAREA/env_repo/resources/simlib/data/verilog/src/unisims/DNA_PORTE2.v
$WORKAREA/env_repo/resources/simlib/data/verilog/src/unisims/DNA_PORT.v
$WORKAREA/env_repo/resources/simlib/data/verilog/src/unisims/DPHY_DIFFINBUF.v
$WORKAREA/env_repo/resources/simlib/data/verilog/src/unisims/DSP48E1.v
$WORKAREA/env_repo/resources/simlib/data/verilog/src/unisims/DSP48E2.v
$WORKAREA/env_repo/resources/simlib/data/verilog/src/unisims/DSP_A_B_DATA.v
$WORKAREA/env_repo/resources/simlib/data/verilog/src/unisims/DSP_ALU.v
$WORKAREA/env_repo/resources/simlib/data/verilog/src/unisims/DSP_C_DATA.v
$WORKAREA/env_repo/resources/simlib/data/verilog/src/unisims/DSP_M_DATA.v
$WORKAREA/env_repo/resources/simlib/data/verilog/src/unisims/DSP_MULTIPLIER.v
$WORKAREA/env_repo/resources/simlib/data/verilog/src/unisims/DSP_OUTPUT.v
$WORKAREA/env_repo/resources/simlib/data/verilog/src/unisims/DSP_PREADD_DATA.v
$WORKAREA/env_repo/resources/simlib/data/verilog/src/unisims/DSP_PREADD.v
$WORKAREA/env_repo/resources/simlib/data/verilog/src/unisims/EFUSE_USR.v
#$WORKAREA/env_repo/resources/simlib/data/verilog/src/unisims/FDCE.v
#$WORKAREA/env_repo/resources/simlib/data/verilog/src/unisims/FDPE.v
#$WORKAREA/env_repo/resources/simlib/data/verilog/src/unisims/FDRE.v
#$WORKAREA/env_repo/resources/simlib/data/verilog/src/unisims/FDSE.v
$WORKAREA/env_repo/resources/simlib/data/verilog/src/unisims/FE.v
#$WORKAREA/env_repo/resources/simlib/data/verilog/src/unisims/FIFO18E1.v
#$WORKAREA/env_repo/resources/simlib/data/verilog/src/unisims/FIFO18E2.v
#$WORKAREA/env_repo/resources/simlib/data/verilog/src/unisims/FIFO36E1.v
#$WORKAREA/env_repo/resources/simlib/data/verilog/src/unisims/FIFO36E2.v
#$WORKAREA/env_repo/resources/simlib/data/verilog/src/unisims/FRAME_ECCE2.v
$WORKAREA/env_repo/resources/simlib/data/verilog/src/unisims/FRAME_ECCE3.v
$WORKAREA/env_repo/resources/simlib/data/verilog/src/unisims/FRAME_ECCE4.v
$WORKAREA/env_repo/resources/simlib/data/verilog/src/unisims/GND.v
$WORKAREA/env_repo/resources/simlib/data/verilog/src/unisims/GTHE2_CHANNEL.v
$WORKAREA/env_repo/resources/simlib/data/verilog/src/unisims/GTHE2_COMMON.v
$WORKAREA/env_repo/resources/simlib/data/verilog/src/unisims/GTHE3_CHANNEL.v
$WORKAREA/env_repo/resources/simlib/data/verilog/src/unisims/GTHE3_COMMON.v
$WORKAREA/env_repo/resources/simlib/data/verilog/src/unisims/GTHE4_CHANNEL.v
$WORKAREA/env_repo/resources/simlib/data/verilog/src/unisims/GTHE4_COMMON.v
$WORKAREA/env_repo/resources/simlib/data/verilog/src/unisims/GTPE2_CHANNEL.v
$WORKAREA/env_repo/resources/simlib/data/verilog/src/unisims/GTPE2_COMMON.v
$WORKAREA/env_repo/resources/simlib/data/verilog/src/unisims/GTXE2_CHANNEL.v
$WORKAREA/env_repo/resources/simlib/data/verilog/src/unisims/GTXE2_COMMON.v
$WORKAREA/env_repo/resources/simlib/data/verilog/src/unisims/GTYE3_CHANNEL.v
$WORKAREA/env_repo/resources/simlib/data/verilog/src/unisims/GTYE3_COMMON.v
$WORKAREA/env_repo/resources/simlib/data/verilog/src/unisims/GTYE4_CHANNEL.v
$WORKAREA/env_repo/resources/simlib/data/verilog/src/unisims/GTYE4_COMMON.v
$WORKAREA/env_repo/resources/simlib/data/verilog/src/unisims/HARD_SYNC.v
$WORKAREA/env_repo/resources/simlib/data/verilog/src/unisims/HBM_ONE_STACK_INTF.v
$WORKAREA/env_repo/resources/simlib/data/verilog/src/unisims/HBM_REF_CLK.v
$WORKAREA/env_repo/resources/simlib/data/verilog/src/unisims/HBM_SNGLBLI_INTF_APB.v
$WORKAREA/env_repo/resources/simlib/data/verilog/src/unisims/HBM_SNGLBLI_INTF_AXI.v
$WORKAREA/env_repo/resources/simlib/data/verilog/src/unisims/HBM_TWO_STACK_INTF.v
$WORKAREA/env_repo/resources/simlib/data/verilog/src/unisims/HPIO_VREF.v
$WORKAREA/env_repo/resources/simlib/data/verilog/src/unisims/HSADC.v
$WORKAREA/env_repo/resources/simlib/data/verilog/src/unisims/HSDAC.v
$WORKAREA/env_repo/resources/simlib/data/verilog/src/unisims/IBUF_ANALOG.v
$WORKAREA/env_repo/resources/simlib/data/verilog/src/unisims/IBUFCTRL.v
$WORKAREA/env_repo/resources/simlib/data/verilog/src/unisims/IBUFDS_DIFF_OUT_IBUFDISABLE.v
$WORKAREA/env_repo/resources/simlib/data/verilog/src/unisims/IBUFDS_DIFF_OUT_INTERMDISABLE.v
$WORKAREA/env_repo/resources/simlib/data/verilog/src/unisims/IBUFDS_DIFF_OUT.v
$WORKAREA/env_repo/resources/simlib/data/verilog/src/unisims/IBUFDS_DPHY.v
$WORKAREA/env_repo/resources/simlib/data/verilog/src/unisims/IBUFDSE3.v
$WORKAREA/env_repo/resources/simlib/data/verilog/src/unisims/IBUFDS_GTE2.v
$WORKAREA/env_repo/resources/simlib/data/verilog/src/unisims/IBUFDS_GTE3.v
$WORKAREA/env_repo/resources/simlib/data/verilog/src/unisims/IBUFDS_GTE4.v
$WORKAREA/env_repo/resources/simlib/data/verilog/src/unisims/IBUFDS_IBUFDISABLE_INT.v
$WORKAREA/env_repo/resources/simlib/data/verilog/src/unisims/IBUFDS_IBUFDISABLE.v
$WORKAREA/env_repo/resources/simlib/data/verilog/src/unisims/IBUFDS_INTERMDISABLE_INT.v
$WORKAREA/env_repo/resources/simlib/data/verilog/src/unisims/IBUFDS_INTERMDISABLE.v
$WORKAREA/env_repo/resources/simlib/data/verilog/src/unisims/IBUFDS.v
$WORKAREA/env_repo/resources/simlib/data/verilog/src/unisims/IBUFE3.v
$WORKAREA/env_repo/resources/simlib/data/verilog/src/unisims/IBUF_IBUFDISABLE.v
$WORKAREA/env_repo/resources/simlib/data/verilog/src/unisims/IBUF_INTERMDISABLE.v
$WORKAREA/env_repo/resources/simlib/data/verilog/src/unisims/IBUF.v
$WORKAREA/env_repo/resources/simlib/data/verilog/src/unisims/ICAPE2.v
$WORKAREA/env_repo/resources/simlib/data/verilog/src/unisims/ICAPE3.v
$WORKAREA/env_repo/resources/simlib/data/verilog/src/unisims/IDDR_2CLK.v
#$WORKAREA/env_repo/resources/simlib/data/verilog/src/unisims/IDDRE1.v
$WORKAREA/env_repo/resources/simlib/data/verilog/src/unisims/IDDR.v
$WORKAREA/env_repo/resources/simlib/data/verilog/src/unisims/IDELAYCTRL.v
$WORKAREA/env_repo/resources/simlib/data/verilog/src/unisims/IDELAYE2_FINEDELAY.v
$WORKAREA/env_repo/resources/simlib/data/verilog/src/unisims/IDELAYE2.v
$WORKAREA/env_repo/resources/simlib/data/verilog/src/unisims/IDELAYE3.v
$WORKAREA/env_repo/resources/simlib/data/verilog/src/unisims/ILKNE4.v
$WORKAREA/env_repo/resources/simlib/data/verilog/src/unisims/ILKN.v
$WORKAREA/env_repo/resources/simlib/data/verilog/src/unisims/INBUF.v
$WORKAREA/env_repo/resources/simlib/data/verilog/src/unisims/IN_FIFO.v
$WORKAREA/env_repo/resources/simlib/data/verilog/src/unisims/INV.v
$WORKAREA/env_repo/resources/simlib/data/verilog/src/unisims/IOBUF_ANALOG.v
$WORKAREA/env_repo/resources/simlib/data/verilog/src/unisims/IOBUF_DCIEN.v
$WORKAREA/env_repo/resources/simlib/data/verilog/src/unisims/IOBUFDS_DCIEN.v
$WORKAREA/env_repo/resources/simlib/data/verilog/src/unisims/IOBUFDS_DIFF_OUT_DCIEN.v
$WORKAREA/env_repo/resources/simlib/data/verilog/src/unisims/IOBUFDS_DIFF_OUT_INTERMDISABLE.v
$WORKAREA/env_repo/resources/simlib/data/verilog/src/unisims/IOBUFDS_DIFF_OUT.v
$WORKAREA/env_repo/resources/simlib/data/verilog/src/unisims/IOBUFDSE3.v
$WORKAREA/env_repo/resources/simlib/data/verilog/src/unisims/IOBUFDS_INTERMDISABLE.v
$WORKAREA/env_repo/resources/simlib/data/verilog/src/unisims/IOBUFDS.v
$WORKAREA/env_repo/resources/simlib/data/verilog/src/unisims/IOBUFE3.v
$WORKAREA/env_repo/resources/simlib/data/verilog/src/unisims/IOBUF_INTERMDISABLE.v
$WORKAREA/env_repo/resources/simlib/data/verilog/src/unisims/IOBUF.v
$WORKAREA/env_repo/resources/simlib/data/verilog/src/unisims/ISERDESE1.v
$WORKAREA/env_repo/resources/simlib/data/verilog/src/unisims/ISERDESE2.v
$WORKAREA/env_repo/resources/simlib/data/verilog/src/unisims/ISERDESE3.v
$WORKAREA/env_repo/resources/simlib/data/verilog/src/unisims/ISERDES_NODELAY.v
$WORKAREA/env_repo/resources/simlib/data/verilog/src/unisims/ISERDES.v
$WORKAREA/env_repo/resources/simlib/data/verilog/src/unisims/JTAG_SIME2.v
$WORKAREA/env_repo/resources/simlib/data/verilog/src/unisims/KEEPER.v
$WORKAREA/env_repo/resources/simlib/data/verilog/src/unisims/LDCE.v
$WORKAREA/env_repo/resources/simlib/data/verilog/src/unisims/LDPE.v
$WORKAREA/env_repo/resources/simlib/data/verilog/src/unisims/LUT1.v
$WORKAREA/env_repo/resources/simlib/data/verilog/src/unisims/LUT2.v
$WORKAREA/env_repo/resources/simlib/data/verilog/src/unisims/LUT3.v
$WORKAREA/env_repo/resources/simlib/data/verilog/src/unisims/LUT4.v
$WORKAREA/env_repo/resources/simlib/data/verilog/src/unisims/LUT5.v
$WORKAREA/env_repo/resources/simlib/data/verilog/src/unisims/LUT6_2.v
$WORKAREA/env_repo/resources/simlib/data/verilog/src/unisims/LUT6.v
$WORKAREA/env_repo/resources/simlib/data/verilog/src/unisims/MASTER_JTAG.v
$WORKAREA/env_repo/resources/simlib/data/verilog/src/unisims/MMCME2_ADV.v
$WORKAREA/env_repo/resources/simlib/data/verilog/src/unisims/MMCME2_BASE.v
$WORKAREA/env_repo/resources/simlib/data/verilog/src/unisims/MMCME3_ADV.v
$WORKAREA/env_repo/resources/simlib/data/verilog/src/unisims/MMCME3_BASE.v
$WORKAREA/env_repo/resources/simlib/data/verilog/src/unisims/MMCME4_ADV.v
$WORKAREA/env_repo/resources/simlib/data/verilog/src/unisims/MMCME4_BASE.v
$WORKAREA/env_repo/resources/simlib/data/verilog/src/unisims/MUXCY.v
$WORKAREA/env_repo/resources/simlib/data/verilog/src/unisims/MUXF7.v
$WORKAREA/env_repo/resources/simlib/data/verilog/src/unisims/MUXF8.v
$WORKAREA/env_repo/resources/simlib/data/verilog/src/unisims/MUXF9.v
$WORKAREA/env_repo/resources/simlib/data/verilog/src/unisims/OBUFDS_DPHY.v
$WORKAREA/env_repo/resources/simlib/data/verilog/src/unisims/OBUFDS_GTE3_ADV.v
$WORKAREA/env_repo/resources/simlib/data/verilog/src/unisims/OBUFDS_GTE3.v
$WORKAREA/env_repo/resources/simlib/data/verilog/src/unisims/OBUFDS_GTE4_ADV.v
$WORKAREA/env_repo/resources/simlib/data/verilog/src/unisims/OBUFDS_GTE4.v
$WORKAREA/env_repo/resources/simlib/data/verilog/src/unisims/OBUFDS.v
$WORKAREA/env_repo/resources/simlib/data/verilog/src/unisims/OBUFT_DCIEN.v
$WORKAREA/env_repo/resources/simlib/data/verilog/src/unisims/OBUFTDS_DCIEN.v
$WORKAREA/env_repo/resources/simlib/data/verilog/src/unisims/OBUFTDS.v
$WORKAREA/env_repo/resources/simlib/data/verilog/src/unisims/OBUFT.v
$WORKAREA/env_repo/resources/simlib/data/verilog/src/unisims/OBUF.v
$WORKAREA/env_repo/resources/simlib/data/verilog/src/unisims/ODDRE1.v
$WORKAREA/env_repo/resources/simlib/data/verilog/src/unisims/ODDR.v
$WORKAREA/env_repo/resources/simlib/data/verilog/src/unisims/ODELAYE2_FINEDELAY.v
$WORKAREA/env_repo/resources/simlib/data/verilog/src/unisims/ODELAYE2.v
$WORKAREA/env_repo/resources/simlib/data/verilog/src/unisims/ODELAYE3.v
$WORKAREA/env_repo/resources/simlib/data/verilog/src/unisims/OR2L.v
$WORKAREA/env_repo/resources/simlib/data/verilog/src/unisims/OSERDESE1.v
$WORKAREA/env_repo/resources/simlib/data/verilog/src/unisims/OSERDESE2.v
$WORKAREA/env_repo/resources/simlib/data/verilog/src/unisims/OSERDESE3.v
$WORKAREA/env_repo/resources/simlib/data/verilog/src/unisims/OSERDES.v
$WORKAREA/env_repo/resources/simlib/data/verilog/src/unisims/OUT_FIFO.v
$WORKAREA/env_repo/resources/simlib/data/verilog/src/unisims/PCIE_2_1.v
$WORKAREA/env_repo/resources/simlib/data/verilog/src/unisims/PCIE_3_0.v
$WORKAREA/env_repo/resources/simlib/data/verilog/src/unisims/PCIE_3_1.v
$WORKAREA/env_repo/resources/simlib/data/verilog/src/unisims/PCIE40E4.v
$WORKAREA/env_repo/resources/simlib/data/verilog/src/unisims/PCIE4CE4.v
$WORKAREA/env_repo/resources/simlib/data/verilog/src/unisims/PHASER_IN_PHY.v
$WORKAREA/env_repo/resources/simlib/data/verilog/src/unisims/PHASER_IN.v
$WORKAREA/env_repo/resources/simlib/data/verilog/src/unisims/PHASER_OUT_PHY.v
$WORKAREA/env_repo/resources/simlib/data/verilog/src/unisims/PHASER_OUT.v
$WORKAREA/env_repo/resources/simlib/data/verilog/src/unisims/PHASER_REF.v
$WORKAREA/env_repo/resources/simlib/data/verilog/src/unisims/PHY_CONTROL.v
$WORKAREA/env_repo/resources/simlib/data/verilog/src/unisims/PLLE2_ADV.v
$WORKAREA/env_repo/resources/simlib/data/verilog/src/unisims/PLLE2_BASE.v
$WORKAREA/env_repo/resources/simlib/data/verilog/src/unisims/PLLE3_ADV.v
$WORKAREA/env_repo/resources/simlib/data/verilog/src/unisims/PLLE3_BASE.v
$WORKAREA/env_repo/resources/simlib/data/verilog/src/unisims/PLLE4_ADV.v
$WORKAREA/env_repo/resources/simlib/data/verilog/src/unisims/PLLE4_BASE.v
$WORKAREA/env_repo/resources/simlib/data/verilog/src/unisims/PS7.v
$WORKAREA/env_repo/resources/simlib/data/verilog/src/unisims/PS8.v
$WORKAREA/env_repo/resources/simlib/data/verilog/src/unisims/PULLDOWN.v
$WORKAREA/env_repo/resources/simlib/data/verilog/src/unisims/PULLUP.v
$WORKAREA/env_repo/resources/simlib/data/verilog/src/unisims/RAM128X1D.v
$WORKAREA/env_repo/resources/simlib/data/verilog/src/unisims/RAM128X1S.v
$WORKAREA/env_repo/resources/simlib/data/verilog/src/unisims/RAM256X1D.v
$WORKAREA/env_repo/resources/simlib/data/verilog/src/unisims/RAM256X1S.v
$WORKAREA/env_repo/resources/simlib/data/verilog/src/unisims/RAM32M16.v
$WORKAREA/env_repo/resources/simlib/data/verilog/src/unisims/RAM32M.v
$WORKAREA/env_repo/resources/simlib/data/verilog/src/unisims/RAM32X1D.v
$WORKAREA/env_repo/resources/simlib/data/verilog/src/unisims/RAM32X1S.v
$WORKAREA/env_repo/resources/simlib/data/verilog/src/unisims/RAM512X1S.v
$WORKAREA/env_repo/resources/simlib/data/verilog/src/unisims/RAM64M8.v
$WORKAREA/env_repo/resources/simlib/data/verilog/src/unisims/RAM64M.v
$WORKAREA/env_repo/resources/simlib/data/verilog/src/unisims/RAM64X1D.v
$WORKAREA/env_repo/resources/simlib/data/verilog/src/unisims/RAM64X1S.v
#$WORKAREA/env_repo/resources/simlib/data/verilog/src/unisims/RAM64X8SW.v
#$WORKAREA/env_repo/resources/simlib/data/verilog/src/unisims/RAMB18E1.v
#$WORKAREA/env_repo/resources/simlib/data/verilog/src/unisims/RAMB18E2.v
#$WORKAREA/env_repo/resources/simlib/data/verilog/src/unisims/RAMB36E1.v
#$WORKAREA/env_repo/resources/simlib/data/verilog/src/unisims/RAMB36E2.v
#$WORKAREA/env_repo/resources/simlib/data/verilog/src/unisims/RAMD32.v
#$WORKAREA/env_repo/resources/simlib/data/verilog/src/unisims/RAMD64E.v
#$WORKAREA/env_repo/resources/simlib/data/verilog/src/unisims/RAMS32.v
#$WORKAREA/env_repo/resources/simlib/data/verilog/src/unisims/RAMS64E1.v
#$WORKAREA/env_repo/resources/simlib/data/verilog/src/unisims/RAMS64E.v
$WORKAREA/env_repo/resources/simlib/data/verilog/src/unisims/RIU_OR.v
$WORKAREA/env_repo/resources/simlib/data/verilog/src/unisims/RX_BITSLICE.v
$WORKAREA/env_repo/resources/simlib/data/verilog/src/unisims/RXTX_BITSLICE.v
$WORKAREA/env_repo/resources/simlib/data/verilog/src/unisims/SIM_CONFIGE2.v
$WORKAREA/env_repo/resources/simlib/data/verilog/src/unisims/SIM_CONFIGE3.v
$WORKAREA/env_repo/resources/simlib/data/verilog/src/unisims/SRL16E.v
$WORKAREA/env_repo/resources/simlib/data/verilog/src/unisims/SRLC16E.v
$WORKAREA/env_repo/resources/simlib/data/verilog/src/unisims/SRLC32E.v
$WORKAREA/env_repo/resources/simlib/data/verilog/src/unisims/STARTUPE2.v
$WORKAREA/env_repo/resources/simlib/data/verilog/src/unisims/STARTUPE3.v
$WORKAREA/env_repo/resources/simlib/data/verilog/src/unisims/SYSMONE1.v
$WORKAREA/env_repo/resources/simlib/data/verilog/src/unisims/SYSMONE4.v
$WORKAREA/env_repo/resources/simlib/data/verilog/src/unisims/TX_BITSLICE_TRI.v
$WORKAREA/env_repo/resources/simlib/data/verilog/src/unisims/TX_BITSLICE.v
$WORKAREA/env_repo/resources/simlib/data/verilog/src/unisims/URAM288_BASE.v
$WORKAREA/env_repo/resources/simlib/data/verilog/src/unisims/URAM288.v
$WORKAREA/env_repo/resources/simlib/data/verilog/src/unisims/USR_ACCESSE2.v
$WORKAREA/env_repo/resources/simlib/data/verilog/src/unisims/VCC.v
#$WORKAREA/env_repo/resources/simlib/data/verilog/src/unisims/VCU.v
$WORKAREA/env_repo/resources/simlib/data/verilog/src/unisims/XADC.v
$WORKAREA/env_repo/resources/simlib/data/verilog/src/unisims/XORCY.v
$WORKAREA/env_repo/resources/simlib/data/verilog/src/unisims/ZHOLD_DELAY.v

//WDT
/nfs/home/release/internal_ip/wdt/v0.8.0/rtl/sv/wdt_kernel.sv

//REGISTER
$WORKAREA/design_repo/rtl/scu/rtl/register/rtl/sv/main_scu_register_top_wrapper.sv
$WORKAREA/design_repo/rtl/scu/rtl/register/rtl/sv/main_scu_ahb2esram_async_bridge.sv
$WORKAREA/design_repo/rtl/scu/rtl/register/rtl/sv/main_scu_bac_common_interrupt_handle.sv
$WORKAREA/design_repo/rtl/scu/rtl/register/rtl/sv/main_scu_bus_access_control_top.sv
$WORKAREA/design_repo/rtl/scu/rtl/register/rtl/sv/main_scu_bac_misc.sv
$WORKAREA/design_repo/rtl/scu/rtl/register/rtl/sv/main_scu_bac_address_decoder.sv
$WORKAREA/design_repo/rtl/scu/rtl/register/rtl/sv/main_scu_bac_register_block.sv
$WORKAREA/design_repo/rtl/scu/rtl/register/rtl/sv/main_scu_register_bank.sv
$WORKAREA/design_repo/rtl/scu/rtl/register/rtl/sv/main_scu_bac_register_wrapper.sv

//STDCC
$WORKAREA/env_repo/internal_ip/common_blocks/rtl/sv/stdcc_syncfifo.sv
$WORKAREA/env_repo/internal_ip/common_blocks/rtl/sv/stdcc_asyncfifo.sv
$WORKAREA/env_repo/internal_ip/common_blocks/rtl/sv/stdcc_asyncfifo_wrapper.sv
$WORKAREA/env_repo/internal_ip/common_blocks/rtl/sv/stdcc_rstn_jtag.sv
$WORKAREA/env_repo/internal_ip/common_blocks/rtl/sv/stdcc_rstn_sync2.sv
$WORKAREA/env_repo/internal_ip/common_blocks/rtl/sv/stdcc_clkswitch.sv
$WORKAREA/env_repo/internal_ip/common_blocks/rtl/sv/stdcc_sync2_rstn.sv
$WORKAREA/env_repo/internal_ip/common_cells/rtl/sv/stdcc_clkor.sv
$WORKAREA/env_repo/internal_ip/common_cells/rtl/sv/stdcc_clkicg_noscan.sv
$WORKAREA/env_repo/internal_ip/common_cells/rtl/sv/stdcc_clkicg.sv
$WORKAREA/env_repo/internal_ip/common_cells/rtl/sv/stdcc_clkbuf.sv
$WORKAREA/env_repo/internal_ip/common_cells/rtl/sv/stdcc_buf.sv
$WORKAREA/env_repo/internal_ip/common_cells/rtl/sv/stdcc_mux.sv
$WORKAREA/env_repo/internal_ip/common_cells/rtl/sv/stdcc_clkmux.sv
$WORKAREA/env_repo/internal_ip/common_cells/rtl/sv/stdcc_clkand.sv
